Archive member included to satisfy reference by file (symbol)

c:/users/andi/eclipse/cpp-2018-12/eclipse/avr-gcc-8.3.0-x64-mingw/bin/../lib/gcc/avr/8.3.0/avr5\libgcc.a(_exit.o)
                              c:/users/andi/eclipse/cpp-2018-12/eclipse/avr-gcc-8.3.0-x64-mingw/bin/../lib/gcc/avr/8.3.0/../../../../avr/lib/avr5/crtatmega328p.o (exit)
c:/users/andi/eclipse/cpp-2018-12/eclipse/avr-gcc-8.3.0-x64-mingw/bin/../lib/gcc/avr/8.3.0/avr5\libgcc.a(_tablejump2.o)
                              ./main.o (__tablejump2__)
c:/users/andi/eclipse/cpp-2018-12/eclipse/avr-gcc-8.3.0-x64-mingw/bin/../lib/gcc/avr/8.3.0/avr5\libgcc.a(_copy_data.o)
                              ./myUART/myUART.o (__do_copy_data)
c:/users/andi/eclipse/cpp-2018-12/eclipse/avr-gcc-8.3.0-x64-mingw/bin/../lib/gcc/avr/8.3.0/avr5\libgcc.a(_clear_bss.o)
                              ./main.o (__do_clear_bss)
c:/users/andi/eclipse/cpp-2018-12/eclipse/avr-gcc-8.3.0-x64-mingw/bin/../lib/gcc/avr/8.3.0/../../../../avr/lib/avr5\libc.a(sprintf.o)
                              ./myUART/myUART.o (sprintf)
c:/users/andi/eclipse/cpp-2018-12/eclipse/avr-gcc-8.3.0-x64-mingw/bin/../lib/gcc/avr/8.3.0/../../../../avr/lib/avr5\libc.a(vfprintf_std.o)
                              c:/users/andi/eclipse/cpp-2018-12/eclipse/avr-gcc-8.3.0-x64-mingw/bin/../lib/gcc/avr/8.3.0/../../../../avr/lib/avr5\libc.a(sprintf.o) (vfprintf)
c:/users/andi/eclipse/cpp-2018-12/eclipse/avr-gcc-8.3.0-x64-mingw/bin/../lib/gcc/avr/8.3.0/../../../../avr/lib/avr5\libc.a(strnlen_P.o)
                              c:/users/andi/eclipse/cpp-2018-12/eclipse/avr-gcc-8.3.0-x64-mingw/bin/../lib/gcc/avr/8.3.0/../../../../avr/lib/avr5\libc.a(vfprintf_std.o) (strnlen_P)
c:/users/andi/eclipse/cpp-2018-12/eclipse/avr-gcc-8.3.0-x64-mingw/bin/../lib/gcc/avr/8.3.0/../../../../avr/lib/avr5\libc.a(strnlen.o)
                              c:/users/andi/eclipse/cpp-2018-12/eclipse/avr-gcc-8.3.0-x64-mingw/bin/../lib/gcc/avr/8.3.0/../../../../avr/lib/avr5\libc.a(vfprintf_std.o) (strnlen)
c:/users/andi/eclipse/cpp-2018-12/eclipse/avr-gcc-8.3.0-x64-mingw/bin/../lib/gcc/avr/8.3.0/../../../../avr/lib/avr5\libc.a(fputc.o)
                              c:/users/andi/eclipse/cpp-2018-12/eclipse/avr-gcc-8.3.0-x64-mingw/bin/../lib/gcc/avr/8.3.0/../../../../avr/lib/avr5\libc.a(vfprintf_std.o) (fputc)
c:/users/andi/eclipse/cpp-2018-12/eclipse/avr-gcc-8.3.0-x64-mingw/bin/../lib/gcc/avr/8.3.0/../../../../avr/lib/avr5\libc.a(ultoa_invert.o)
                              c:/users/andi/eclipse/cpp-2018-12/eclipse/avr-gcc-8.3.0-x64-mingw/bin/../lib/gcc/avr/8.3.0/../../../../avr/lib/avr5\libc.a(vfprintf_std.o) (__ultoa_invert)
c:/users/andi/eclipse/cpp-2018-12/eclipse/avr-gcc-8.3.0-x64-mingw/bin/../lib/gcc/avr/8.3.0/avr5\libgcc.a(_prologue.o)
                              c:/users/andi/eclipse/cpp-2018-12/eclipse/avr-gcc-8.3.0-x64-mingw/bin/../lib/gcc/avr/8.3.0/../../../../avr/lib/avr5\libc.a(sprintf.o) (__prologue_saves__)
c:/users/andi/eclipse/cpp-2018-12/eclipse/avr-gcc-8.3.0-x64-mingw/bin/../lib/gcc/avr/8.3.0/avr5\libgcc.a(_epilogue.o)
                              c:/users/andi/eclipse/cpp-2018-12/eclipse/avr-gcc-8.3.0-x64-mingw/bin/../lib/gcc/avr/8.3.0/../../../../avr/lib/avr5\libc.a(sprintf.o) (__epilogue_restores__)

Allocating common symbols
Common symbol       size              file

autoCal             0x1               ./main.o
myState             0x1               ./main.o
allCal              0x1               ./main.o
digital             0x1               ./main.o

Memory Configuration

Name             Origin             Length             Attributes
text             0x0000000000000000 0x0000000000020000 xr
data             0x0000000000800060 0x000000000000ffa0 rw !x
eeprom           0x0000000000810000 0x0000000000010000 rw !x
fuse             0x0000000000820000 0x0000000000000400 rw !x
lock             0x0000000000830000 0x0000000000000400 rw !x
signature        0x0000000000840000 0x0000000000000400 rw !x
user_signatures  0x0000000000850000 0x0000000000000400 rw !x
*default*        0x0000000000000000 0xffffffffffffffff

Linker script and memory map

Address of section .data set to 0x800100
LOAD c:/users/andi/eclipse/cpp-2018-12/eclipse/avr-gcc-8.3.0-x64-mingw/bin/../lib/gcc/avr/8.3.0/../../../../avr/lib/avr5/crtatmega328p.o
LOAD ./myUART/myUART.o
LOAD ./mySPI/mySPI.o
LOAD ./main.o
START GROUP
LOAD c:/users/andi/eclipse/cpp-2018-12/eclipse/avr-gcc-8.3.0-x64-mingw/bin/../lib/gcc/avr/8.3.0/avr5\libgcc.a
LOAD c:/users/andi/eclipse/cpp-2018-12/eclipse/avr-gcc-8.3.0-x64-mingw/bin/../lib/gcc/avr/8.3.0/../../../../avr/lib/avr5\libm.a
LOAD c:/users/andi/eclipse/cpp-2018-12/eclipse/avr-gcc-8.3.0-x64-mingw/bin/../lib/gcc/avr/8.3.0/../../../../avr/lib/avr5\libc.a
LOAD c:/users/andi/eclipse/cpp-2018-12/eclipse/avr-gcc-8.3.0-x64-mingw/bin/../lib/gcc/avr/8.3.0/../../../../avr/lib/avr5\libatmega328p.a
END GROUP
                0x0000000000020000                __TEXT_REGION_LENGTH__ = DEFINED (__TEXT_REGION_LENGTH__)?__TEXT_REGION_LENGTH__:0x20000
                0x000000000000ffa0                __DATA_REGION_LENGTH__ = DEFINED (__DATA_REGION_LENGTH__)?__DATA_REGION_LENGTH__:0xffa0
                0x0000000000010000                __EEPROM_REGION_LENGTH__ = DEFINED (__EEPROM_REGION_LENGTH__)?__EEPROM_REGION_LENGTH__:0x10000
                0x0000000000000400                __FUSE_REGION_LENGTH__ = DEFINED (__FUSE_REGION_LENGTH__)?__FUSE_REGION_LENGTH__:0x400
                0x0000000000000400                __LOCK_REGION_LENGTH__ = DEFINED (__LOCK_REGION_LENGTH__)?__LOCK_REGION_LENGTH__:0x400
                0x0000000000000400                __SIGNATURE_REGION_LENGTH__ = DEFINED (__SIGNATURE_REGION_LENGTH__)?__SIGNATURE_REGION_LENGTH__:0x400
                0x0000000000000400                __USER_SIGNATURE_REGION_LENGTH__ = DEFINED (__USER_SIGNATURE_REGION_LENGTH__)?__USER_SIGNATURE_REGION_LENGTH__:0x400

.hash
 *(.hash)

.dynsym
 *(.dynsym)

.dynstr
 *(.dynstr)

.gnu.version
 *(.gnu.version)

.gnu.version_d
 *(.gnu.version_d)

.gnu.version_r
 *(.gnu.version_r)

.rel.init
 *(.rel.init)

.rela.init
 *(.rela.init)

.rel.text
 *(.rel.text)
 *(.rel.text.*)
 *(.rel.gnu.linkonce.t*)

.rela.text
 *(.rela.text)
 *(.rela.text.*)
 *(.rela.gnu.linkonce.t*)

.rel.fini
 *(.rel.fini)

.rela.fini
 *(.rela.fini)

.rel.rodata
 *(.rel.rodata)
 *(.rel.rodata.*)
 *(.rel.gnu.linkonce.r*)

.rela.rodata
 *(.rela.rodata)
 *(.rela.rodata.*)
 *(.rela.gnu.linkonce.r*)

.rel.data
 *(.rel.data)
 *(.rel.data.*)
 *(.rel.gnu.linkonce.d*)

.rela.data
 *(.rela.data)
 *(.rela.data.*)
 *(.rela.gnu.linkonce.d*)

.rel.ctors
 *(.rel.ctors)

.rela.ctors
 *(.rela.ctors)

.rel.dtors
 *(.rel.dtors)

.rela.dtors
 *(.rela.dtors)

.rel.got
 *(.rel.got)

.rela.got
 *(.rela.got)

.rel.bss
 *(.rel.bss)

.rela.bss
 *(.rela.bss)

.rel.plt
 *(.rel.plt)

.rela.plt
 *(.rela.plt)

.text           0x0000000000000000      0xbfc
 *(.vectors)
 .vectors       0x0000000000000000       0x68 c:/users/andi/eclipse/cpp-2018-12/eclipse/avr-gcc-8.3.0-x64-mingw/bin/../lib/gcc/avr/8.3.0/../../../../avr/lib/avr5/crtatmega328p.o
                0x0000000000000000                __vector_default
                0x0000000000000000                __vectors
 *(.vectors)
 *(.progmem.gcc*)
                0x0000000000000068                . = ALIGN (0x2)
                0x0000000000000068                __trampolines_start = .
 *(.trampolines)
 .trampolines   0x0000000000000068        0x0 linker stubs
 *(.trampolines*)
                0x0000000000000068                __trampolines_end = .
 *libprintf_flt.a:*(.progmem.data)
 *libc.a:*(.progmem.data)
 *(.progmem.*)
                0x0000000000000068                . = ALIGN (0x2)
 *(.lowtext)
 *(.lowtext*)
                0x0000000000000068                __ctors_start = .
 *(.ctors)
                0x0000000000000068                __ctors_end = .
                0x0000000000000068                __dtors_start = .
 *(.dtors)
                0x0000000000000068                __dtors_end = .
 SORT_BY_NAME(*)(.ctors)
 SORT_BY_NAME(*)(.dtors)
 *(.init0)
 .init0         0x0000000000000068        0x0 c:/users/andi/eclipse/cpp-2018-12/eclipse/avr-gcc-8.3.0-x64-mingw/bin/../lib/gcc/avr/8.3.0/../../../../avr/lib/avr5/crtatmega328p.o
                0x0000000000000068                __init
 *(.init0)
 *(.init1)
 *(.init1)
 *(.init2)
 .init2         0x0000000000000068        0xc c:/users/andi/eclipse/cpp-2018-12/eclipse/avr-gcc-8.3.0-x64-mingw/bin/../lib/gcc/avr/8.3.0/../../../../avr/lib/avr5/crtatmega328p.o
 *(.init2)
 *(.init3)
 *(.init3)
 *(.init4)
 .init4         0x0000000000000074       0x16 c:/users/andi/eclipse/cpp-2018-12/eclipse/avr-gcc-8.3.0-x64-mingw/bin/../lib/gcc/avr/8.3.0/avr5\libgcc.a(_copy_data.o)
                0x0000000000000074                __do_copy_data
 .init4         0x000000000000008a       0x10 c:/users/andi/eclipse/cpp-2018-12/eclipse/avr-gcc-8.3.0-x64-mingw/bin/../lib/gcc/avr/8.3.0/avr5\libgcc.a(_clear_bss.o)
                0x000000000000008a                __do_clear_bss
 *(.init4)
 *(.init5)
 *(.init5)
 *(.init6)
 *(.init6)
 *(.init7)
 *(.init7)
 *(.init8)
 *(.init8)
 *(.init9)
 .init9         0x000000000000009a        0x8 c:/users/andi/eclipse/cpp-2018-12/eclipse/avr-gcc-8.3.0-x64-mingw/bin/../lib/gcc/avr/8.3.0/../../../../avr/lib/avr5/crtatmega328p.o
 *(.init9)
 *(.text)
 .text          0x00000000000000a2        0x4 c:/users/andi/eclipse/cpp-2018-12/eclipse/avr-gcc-8.3.0-x64-mingw/bin/../lib/gcc/avr/8.3.0/../../../../avr/lib/avr5/crtatmega328p.o
                0x00000000000000a2                __vector_22
                0x00000000000000a2                __vector_1
                0x00000000000000a2                __vector_24
                0x00000000000000a2                __vector_12
                0x00000000000000a2                __bad_interrupt
                0x00000000000000a2                __vector_6
                0x00000000000000a2                __vector_3
                0x00000000000000a2                __vector_23
                0x00000000000000a2                __vector_25
                0x00000000000000a2                __vector_11
                0x00000000000000a2                __vector_13
                0x00000000000000a2                __vector_17
                0x00000000000000a2                __vector_19
                0x00000000000000a2                __vector_7
                0x00000000000000a2                __vector_5
                0x00000000000000a2                __vector_4
                0x00000000000000a2                __vector_9
                0x00000000000000a2                __vector_2
                0x00000000000000a2                __vector_21
                0x00000000000000a2                __vector_15
                0x00000000000000a2                __vector_8
                0x00000000000000a2                __vector_14
                0x00000000000000a2                __vector_10
                0x00000000000000a2                __vector_16
                0x00000000000000a2                __vector_18
                0x00000000000000a2                __vector_20
 .text          0x00000000000000a6        0x0 ./myUART/myUART.o
 .text          0x00000000000000a6        0x0 ./mySPI/mySPI.o
 .text          0x00000000000000a6        0x0 ./main.o
 .text          0x00000000000000a6        0x0 c:/users/andi/eclipse/cpp-2018-12/eclipse/avr-gcc-8.3.0-x64-mingw/bin/../lib/gcc/avr/8.3.0/avr5\libgcc.a(_exit.o)
 .text          0x00000000000000a6        0x0 c:/users/andi/eclipse/cpp-2018-12/eclipse/avr-gcc-8.3.0-x64-mingw/bin/../lib/gcc/avr/8.3.0/avr5\libgcc.a(_tablejump2.o)
 .text          0x00000000000000a6        0x0 c:/users/andi/eclipse/cpp-2018-12/eclipse/avr-gcc-8.3.0-x64-mingw/bin/../lib/gcc/avr/8.3.0/avr5\libgcc.a(_copy_data.o)
 .text          0x00000000000000a6        0x0 c:/users/andi/eclipse/cpp-2018-12/eclipse/avr-gcc-8.3.0-x64-mingw/bin/../lib/gcc/avr/8.3.0/avr5\libgcc.a(_clear_bss.o)
 .text          0x00000000000000a6        0x0 c:/users/andi/eclipse/cpp-2018-12/eclipse/avr-gcc-8.3.0-x64-mingw/bin/../lib/gcc/avr/8.3.0/../../../../avr/lib/avr5\libc.a(sprintf.o)
 .text          0x00000000000000a6        0x0 c:/users/andi/eclipse/cpp-2018-12/eclipse/avr-gcc-8.3.0-x64-mingw/bin/../lib/gcc/avr/8.3.0/../../../../avr/lib/avr5\libc.a(vfprintf_std.o)
 .text          0x00000000000000a6        0x0 c:/users/andi/eclipse/cpp-2018-12/eclipse/avr-gcc-8.3.0-x64-mingw/bin/../lib/gcc/avr/8.3.0/../../../../avr/lib/avr5\libc.a(strnlen_P.o)
 .text          0x00000000000000a6        0x0 c:/users/andi/eclipse/cpp-2018-12/eclipse/avr-gcc-8.3.0-x64-mingw/bin/../lib/gcc/avr/8.3.0/../../../../avr/lib/avr5\libc.a(strnlen.o)
 .text          0x00000000000000a6        0x0 c:/users/andi/eclipse/cpp-2018-12/eclipse/avr-gcc-8.3.0-x64-mingw/bin/../lib/gcc/avr/8.3.0/../../../../avr/lib/avr5\libc.a(fputc.o)
 .text          0x00000000000000a6        0x0 c:/users/andi/eclipse/cpp-2018-12/eclipse/avr-gcc-8.3.0-x64-mingw/bin/../lib/gcc/avr/8.3.0/../../../../avr/lib/avr5\libc.a(ultoa_invert.o)
 .text          0x00000000000000a6        0x0 c:/users/andi/eclipse/cpp-2018-12/eclipse/avr-gcc-8.3.0-x64-mingw/bin/../lib/gcc/avr/8.3.0/avr5\libgcc.a(_prologue.o)
 .text          0x00000000000000a6        0x0 c:/users/andi/eclipse/cpp-2018-12/eclipse/avr-gcc-8.3.0-x64-mingw/bin/../lib/gcc/avr/8.3.0/avr5\libgcc.a(_epilogue.o)
                0x00000000000000a6                . = ALIGN (0x2)
 *(.text.*)
 .text.USART_Init
                0x00000000000000a6       0x18 ./myUART/myUART.o
                0x00000000000000a6                USART_Init
 .text.USART_GetChar
                0x00000000000000be        0xe ./myUART/myUART.o
                0x00000000000000be                USART_GetChar
 .text.USART_PutChar
                0x00000000000000cc        0xe ./myUART/myUART.o
                0x00000000000000cc                USART_PutChar
 .text.USART_PutStr
                0x00000000000000da       0x18 ./myUART/myUART.o
                0x00000000000000da                USART_PutStr
 .text.USART_PutNum
                0x00000000000000f2       0x5a ./myUART/myUART.o
                0x00000000000000f2                USART_PutNum
 .text.SPI_MasterInit
                0x000000000000014c       0x16 ./mySPI/mySPI.o
                0x000000000000014c                SPI_MasterInit
 .text.SPI_MasterTransmit
                0x0000000000000162        0xc ./mySPI/mySPI.o
                0x0000000000000162                SPI_MasterTransmit
 .text.SPI_MasterStr
                0x000000000000016e       0x1a ./mySPI/mySPI.o
                0x000000000000016e                SPI_MasterStr
 .text.print_analogRaw
                0x0000000000000188      0x164 ./main.o
                0x0000000000000188                print_analogRaw
 .text.print_digitalRaw
                0x00000000000002ec       0x20 ./main.o
                0x00000000000002ec                print_digitalRaw
 .text.print_calibrateS0
                0x000000000000030c       0x7c ./main.o
                0x000000000000030c                print_calibrateS0
 .text.print_calibrateS1
                0x0000000000000388       0x7c ./main.o
                0x0000000000000388                print_calibrateS1
 .text.print_calibrateS2
                0x0000000000000404       0x7c ./main.o
                0x0000000000000404                print_calibrateS2
 .text.print_calibrateAll
                0x0000000000000480       0x1e ./main.o
                0x0000000000000480                print_calibrateAll
 .text.print_calibrateAuto
                0x000000000000049e       0x1e ./main.o
                0x000000000000049e                print_calibrateAuto
 .text.print_decision
                0x00000000000004bc       0x1e ./main.o
                0x00000000000004bc                print_decision
 .text.buttonPressed
                0x00000000000004da       0x20 ./main.o
                0x00000000000004da                buttonPressed
 .text.startup.main
                0x00000000000004fa      0x150 ./main.o
                0x00000000000004fa                main
 .text.libgcc.mul
                0x000000000000064a        0x0 c:/users/andi/eclipse/cpp-2018-12/eclipse/avr-gcc-8.3.0-x64-mingw/bin/../lib/gcc/avr/8.3.0/avr5\libgcc.a(_exit.o)
 .text.libgcc.div
                0x000000000000064a        0x0 c:/users/andi/eclipse/cpp-2018-12/eclipse/avr-gcc-8.3.0-x64-mingw/bin/../lib/gcc/avr/8.3.0/avr5\libgcc.a(_exit.o)
 .text.libgcc   0x000000000000064a        0x0 c:/users/andi/eclipse/cpp-2018-12/eclipse/avr-gcc-8.3.0-x64-mingw/bin/../lib/gcc/avr/8.3.0/avr5\libgcc.a(_exit.o)
 .text.libgcc.prologue
                0x000000000000064a        0x0 c:/users/andi/eclipse/cpp-2018-12/eclipse/avr-gcc-8.3.0-x64-mingw/bin/../lib/gcc/avr/8.3.0/avr5\libgcc.a(_exit.o)
 .text.libgcc.builtins
                0x000000000000064a        0x0 c:/users/andi/eclipse/cpp-2018-12/eclipse/avr-gcc-8.3.0-x64-mingw/bin/../lib/gcc/avr/8.3.0/avr5\libgcc.a(_exit.o)
 .text.libgcc.fmul
                0x000000000000064a        0x0 c:/users/andi/eclipse/cpp-2018-12/eclipse/avr-gcc-8.3.0-x64-mingw/bin/../lib/gcc/avr/8.3.0/avr5\libgcc.a(_exit.o)
 .text.libgcc.fixed
                0x000000000000064a        0x0 c:/users/andi/eclipse/cpp-2018-12/eclipse/avr-gcc-8.3.0-x64-mingw/bin/../lib/gcc/avr/8.3.0/avr5\libgcc.a(_exit.o)
 .text.libgcc.mul
                0x000000000000064a        0x0 c:/users/andi/eclipse/cpp-2018-12/eclipse/avr-gcc-8.3.0-x64-mingw/bin/../lib/gcc/avr/8.3.0/avr5\libgcc.a(_tablejump2.o)
 .text.libgcc.div
                0x000000000000064a        0x0 c:/users/andi/eclipse/cpp-2018-12/eclipse/avr-gcc-8.3.0-x64-mingw/bin/../lib/gcc/avr/8.3.0/avr5\libgcc.a(_tablejump2.o)
 .text.libgcc   0x000000000000064a        0xc c:/users/andi/eclipse/cpp-2018-12/eclipse/avr-gcc-8.3.0-x64-mingw/bin/../lib/gcc/avr/8.3.0/avr5\libgcc.a(_tablejump2.o)
                0x000000000000064a                __tablejump2__
 .text.libgcc.prologue
                0x0000000000000656        0x0 c:/users/andi/eclipse/cpp-2018-12/eclipse/avr-gcc-8.3.0-x64-mingw/bin/../lib/gcc/avr/8.3.0/avr5\libgcc.a(_tablejump2.o)
 .text.libgcc.builtins
                0x0000000000000656        0x0 c:/users/andi/eclipse/cpp-2018-12/eclipse/avr-gcc-8.3.0-x64-mingw/bin/../lib/gcc/avr/8.3.0/avr5\libgcc.a(_tablejump2.o)
 .text.libgcc.fmul
                0x0000000000000656        0x0 c:/users/andi/eclipse/cpp-2018-12/eclipse/avr-gcc-8.3.0-x64-mingw/bin/../lib/gcc/avr/8.3.0/avr5\libgcc.a(_tablejump2.o)
 .text.libgcc.fixed
                0x0000000000000656        0x0 c:/users/andi/eclipse/cpp-2018-12/eclipse/avr-gcc-8.3.0-x64-mingw/bin/../lib/gcc/avr/8.3.0/avr5\libgcc.a(_tablejump2.o)
 .text.libgcc.mul
                0x0000000000000656        0x0 c:/users/andi/eclipse/cpp-2018-12/eclipse/avr-gcc-8.3.0-x64-mingw/bin/../lib/gcc/avr/8.3.0/avr5\libgcc.a(_copy_data.o)
 .text.libgcc.div
                0x0000000000000656        0x0 c:/users/andi/eclipse/cpp-2018-12/eclipse/avr-gcc-8.3.0-x64-mingw/bin/../lib/gcc/avr/8.3.0/avr5\libgcc.a(_copy_data.o)
 .text.libgcc   0x0000000000000656        0x0 c:/users/andi/eclipse/cpp-2018-12/eclipse/avr-gcc-8.3.0-x64-mingw/bin/../lib/gcc/avr/8.3.0/avr5\libgcc.a(_copy_data.o)
 .text.libgcc.prologue
                0x0000000000000656        0x0 c:/users/andi/eclipse/cpp-2018-12/eclipse/avr-gcc-8.3.0-x64-mingw/bin/../lib/gcc/avr/8.3.0/avr5\libgcc.a(_copy_data.o)
 .text.libgcc.builtins
                0x0000000000000656        0x0 c:/users/andi/eclipse/cpp-2018-12/eclipse/avr-gcc-8.3.0-x64-mingw/bin/../lib/gcc/avr/8.3.0/avr5\libgcc.a(_copy_data.o)
 .text.libgcc.fmul
                0x0000000000000656        0x0 c:/users/andi/eclipse/cpp-2018-12/eclipse/avr-gcc-8.3.0-x64-mingw/bin/../lib/gcc/avr/8.3.0/avr5\libgcc.a(_copy_data.o)
 .text.libgcc.fixed
                0x0000000000000656        0x0 c:/users/andi/eclipse/cpp-2018-12/eclipse/avr-gcc-8.3.0-x64-mingw/bin/../lib/gcc/avr/8.3.0/avr5\libgcc.a(_copy_data.o)
 .text.libgcc.mul
                0x0000000000000656        0x0 c:/users/andi/eclipse/cpp-2018-12/eclipse/avr-gcc-8.3.0-x64-mingw/bin/../lib/gcc/avr/8.3.0/avr5\libgcc.a(_clear_bss.o)
 .text.libgcc.div
                0x0000000000000656        0x0 c:/users/andi/eclipse/cpp-2018-12/eclipse/avr-gcc-8.3.0-x64-mingw/bin/../lib/gcc/avr/8.3.0/avr5\libgcc.a(_clear_bss.o)
 .text.libgcc   0x0000000000000656        0x0 c:/users/andi/eclipse/cpp-2018-12/eclipse/avr-gcc-8.3.0-x64-mingw/bin/../lib/gcc/avr/8.3.0/avr5\libgcc.a(_clear_bss.o)
 .text.libgcc.prologue
                0x0000000000000656        0x0 c:/users/andi/eclipse/cpp-2018-12/eclipse/avr-gcc-8.3.0-x64-mingw/bin/../lib/gcc/avr/8.3.0/avr5\libgcc.a(_clear_bss.o)
 .text.libgcc.builtins
                0x0000000000000656        0x0 c:/users/andi/eclipse/cpp-2018-12/eclipse/avr-gcc-8.3.0-x64-mingw/bin/../lib/gcc/avr/8.3.0/avr5\libgcc.a(_clear_bss.o)
 .text.libgcc.fmul
                0x0000000000000656        0x0 c:/users/andi/eclipse/cpp-2018-12/eclipse/avr-gcc-8.3.0-x64-mingw/bin/../lib/gcc/avr/8.3.0/avr5\libgcc.a(_clear_bss.o)
 .text.libgcc.fixed
                0x0000000000000656        0x0 c:/users/andi/eclipse/cpp-2018-12/eclipse/avr-gcc-8.3.0-x64-mingw/bin/../lib/gcc/avr/8.3.0/avr5\libgcc.a(_clear_bss.o)
 .text.avr-libc
                0x0000000000000656       0x46 c:/users/andi/eclipse/cpp-2018-12/eclipse/avr-gcc-8.3.0-x64-mingw/bin/../lib/gcc/avr/8.3.0/../../../../avr/lib/avr5\libc.a(sprintf.o)
                0x0000000000000656                sprintf
 .text.avr-libc
                0x000000000000069c      0x396 c:/users/andi/eclipse/cpp-2018-12/eclipse/avr-gcc-8.3.0-x64-mingw/bin/../lib/gcc/avr/8.3.0/../../../../avr/lib/avr5\libc.a(vfprintf_std.o)
                0x000000000000069c                vfprintf
 .text.avr-libc
                0x0000000000000a32       0x16 c:/users/andi/eclipse/cpp-2018-12/eclipse/avr-gcc-8.3.0-x64-mingw/bin/../lib/gcc/avr/8.3.0/../../../../avr/lib/avr5\libc.a(strnlen_P.o)
                0x0000000000000a32                strnlen_P
 .text.avr-libc
                0x0000000000000a48       0x16 c:/users/andi/eclipse/cpp-2018-12/eclipse/avr-gcc-8.3.0-x64-mingw/bin/../lib/gcc/avr/8.3.0/../../../../avr/lib/avr5\libc.a(strnlen.o)
                0x0000000000000a48                strnlen
 .text.avr-libc
                0x0000000000000a5e       0x60 c:/users/andi/eclipse/cpp-2018-12/eclipse/avr-gcc-8.3.0-x64-mingw/bin/../lib/gcc/avr/8.3.0/../../../../avr/lib/avr5\libc.a(fputc.o)
                0x0000000000000a5e                fputc
 .text.avr-libc
                0x0000000000000abe       0xbc c:/users/andi/eclipse/cpp-2018-12/eclipse/avr-gcc-8.3.0-x64-mingw/bin/../lib/gcc/avr/8.3.0/../../../../avr/lib/avr5\libc.a(ultoa_invert.o)
                0x0000000000000abe                __ultoa_invert
 .text.libgcc.mul
                0x0000000000000b7a        0x0 c:/users/andi/eclipse/cpp-2018-12/eclipse/avr-gcc-8.3.0-x64-mingw/bin/../lib/gcc/avr/8.3.0/avr5\libgcc.a(_prologue.o)
 .text.libgcc.div
                0x0000000000000b7a        0x0 c:/users/andi/eclipse/cpp-2018-12/eclipse/avr-gcc-8.3.0-x64-mingw/bin/../lib/gcc/avr/8.3.0/avr5\libgcc.a(_prologue.o)
 .text.libgcc   0x0000000000000b7a        0x0 c:/users/andi/eclipse/cpp-2018-12/eclipse/avr-gcc-8.3.0-x64-mingw/bin/../lib/gcc/avr/8.3.0/avr5\libgcc.a(_prologue.o)
 .text.libgcc.prologue
                0x0000000000000b7a       0x38 c:/users/andi/eclipse/cpp-2018-12/eclipse/avr-gcc-8.3.0-x64-mingw/bin/../lib/gcc/avr/8.3.0/avr5\libgcc.a(_prologue.o)
                0x0000000000000b7a                __prologue_saves__
 .text.libgcc.builtins
                0x0000000000000bb2        0x0 c:/users/andi/eclipse/cpp-2018-12/eclipse/avr-gcc-8.3.0-x64-mingw/bin/../lib/gcc/avr/8.3.0/avr5\libgcc.a(_prologue.o)
 .text.libgcc.fmul
                0x0000000000000bb2        0x0 c:/users/andi/eclipse/cpp-2018-12/eclipse/avr-gcc-8.3.0-x64-mingw/bin/../lib/gcc/avr/8.3.0/avr5\libgcc.a(_prologue.o)
 .text.libgcc.fixed
                0x0000000000000bb2        0x0 c:/users/andi/eclipse/cpp-2018-12/eclipse/avr-gcc-8.3.0-x64-mingw/bin/../lib/gcc/avr/8.3.0/avr5\libgcc.a(_prologue.o)
 .text.libgcc.mul
                0x0000000000000bb2        0x0 c:/users/andi/eclipse/cpp-2018-12/eclipse/avr-gcc-8.3.0-x64-mingw/bin/../lib/gcc/avr/8.3.0/avr5\libgcc.a(_epilogue.o)
 .text.libgcc.div
                0x0000000000000bb2        0x0 c:/users/andi/eclipse/cpp-2018-12/eclipse/avr-gcc-8.3.0-x64-mingw/bin/../lib/gcc/avr/8.3.0/avr5\libgcc.a(_epilogue.o)
 .text.libgcc   0x0000000000000bb2        0x0 c:/users/andi/eclipse/cpp-2018-12/eclipse/avr-gcc-8.3.0-x64-mingw/bin/../lib/gcc/avr/8.3.0/avr5\libgcc.a(_epilogue.o)
 .text.libgcc.prologue
                0x0000000000000bb2       0x36 c:/users/andi/eclipse/cpp-2018-12/eclipse/avr-gcc-8.3.0-x64-mingw/bin/../lib/gcc/avr/8.3.0/avr5\libgcc.a(_epilogue.o)
                0x0000000000000bb2                __epilogue_restores__
 .text.libgcc.builtins
                0x0000000000000be8        0x0 c:/users/andi/eclipse/cpp-2018-12/eclipse/avr-gcc-8.3.0-x64-mingw/bin/../lib/gcc/avr/8.3.0/avr5\libgcc.a(_epilogue.o)
 .text.libgcc.fmul
                0x0000000000000be8        0x0 c:/users/andi/eclipse/cpp-2018-12/eclipse/avr-gcc-8.3.0-x64-mingw/bin/../lib/gcc/avr/8.3.0/avr5\libgcc.a(_epilogue.o)
 .text.libgcc.fixed
                0x0000000000000be8        0x0 c:/users/andi/eclipse/cpp-2018-12/eclipse/avr-gcc-8.3.0-x64-mingw/bin/../lib/gcc/avr/8.3.0/avr5\libgcc.a(_epilogue.o)
                0x0000000000000be8                . = ALIGN (0x2)
 *(.fini9)
 .fini9         0x0000000000000be8        0x0 c:/users/andi/eclipse/cpp-2018-12/eclipse/avr-gcc-8.3.0-x64-mingw/bin/../lib/gcc/avr/8.3.0/avr5\libgcc.a(_exit.o)
                0x0000000000000be8                _exit
                0x0000000000000be8                exit
 *(.fini9)
 *(.fini8)
 *(.fini8)
 *(.fini7)
 *(.fini7)
 *(.fini6)
 *(.fini6)
 *(.fini5)
 *(.fini5)
 *(.fini4)
 *(.fini4)
 *(.fini3)
 *(.fini3)
 *(.fini2)
 *(.fini2)
 *(.fini1)
 *(.fini1)
 *(.fini0)
 .fini0         0x0000000000000be8        0x4 c:/users/andi/eclipse/cpp-2018-12/eclipse/avr-gcc-8.3.0-x64-mingw/bin/../lib/gcc/avr/8.3.0/avr5\libgcc.a(_exit.o)
 *(.fini0)
 *(.hightext)
 *(.hightext*)
 *(.progmemx.*)
                0x0000000000000bec                . = ALIGN (0x2)
 *(.jumptables)
 *(.jumptables*)
 .jumptables.gcc.main
                0x0000000000000bec       0x10 ./main.o
                0x0000000000000bfc                _etext = .

.data           0x0000000000800100       0x7a load address 0x0000000000000bfc
                0x0000000000800100                PROVIDE (__data_start = .)
 *(.data)
 .data          0x0000000000800100        0x0 c:/users/andi/eclipse/cpp-2018-12/eclipse/avr-gcc-8.3.0-x64-mingw/bin/../lib/gcc/avr/8.3.0/../../../../avr/lib/avr5/crtatmega328p.o
 .data          0x0000000000800100        0x0 ./myUART/myUART.o
 .data          0x0000000000800100        0x0 ./mySPI/mySPI.o
 .data          0x0000000000800100        0x0 ./main.o
 .data          0x0000000000800100        0x0 c:/users/andi/eclipse/cpp-2018-12/eclipse/avr-gcc-8.3.0-x64-mingw/bin/../lib/gcc/avr/8.3.0/avr5\libgcc.a(_exit.o)
 .data          0x0000000000800100        0x0 c:/users/andi/eclipse/cpp-2018-12/eclipse/avr-gcc-8.3.0-x64-mingw/bin/../lib/gcc/avr/8.3.0/avr5\libgcc.a(_tablejump2.o)
 .data          0x0000000000800100        0x0 c:/users/andi/eclipse/cpp-2018-12/eclipse/avr-gcc-8.3.0-x64-mingw/bin/../lib/gcc/avr/8.3.0/avr5\libgcc.a(_copy_data.o)
 .data          0x0000000000800100        0x0 c:/users/andi/eclipse/cpp-2018-12/eclipse/avr-gcc-8.3.0-x64-mingw/bin/../lib/gcc/avr/8.3.0/avr5\libgcc.a(_clear_bss.o)
 .data          0x0000000000800100        0x0 c:/users/andi/eclipse/cpp-2018-12/eclipse/avr-gcc-8.3.0-x64-mingw/bin/../lib/gcc/avr/8.3.0/../../../../avr/lib/avr5\libc.a(sprintf.o)
 .data          0x0000000000800100        0x0 c:/users/andi/eclipse/cpp-2018-12/eclipse/avr-gcc-8.3.0-x64-mingw/bin/../lib/gcc/avr/8.3.0/../../../../avr/lib/avr5\libc.a(vfprintf_std.o)
 .data          0x0000000000800100        0x0 c:/users/andi/eclipse/cpp-2018-12/eclipse/avr-gcc-8.3.0-x64-mingw/bin/../lib/gcc/avr/8.3.0/../../../../avr/lib/avr5\libc.a(strnlen_P.o)
 .data          0x0000000000800100        0x0 c:/users/andi/eclipse/cpp-2018-12/eclipse/avr-gcc-8.3.0-x64-mingw/bin/../lib/gcc/avr/8.3.0/../../../../avr/lib/avr5\libc.a(strnlen.o)
 .data          0x0000000000800100        0x0 c:/users/andi/eclipse/cpp-2018-12/eclipse/avr-gcc-8.3.0-x64-mingw/bin/../lib/gcc/avr/8.3.0/../../../../avr/lib/avr5\libc.a(fputc.o)
 .data          0x0000000000800100        0x0 c:/users/andi/eclipse/cpp-2018-12/eclipse/avr-gcc-8.3.0-x64-mingw/bin/../lib/gcc/avr/8.3.0/../../../../avr/lib/avr5\libc.a(ultoa_invert.o)
 .data          0x0000000000800100        0x0 c:/users/andi/eclipse/cpp-2018-12/eclipse/avr-gcc-8.3.0-x64-mingw/bin/../lib/gcc/avr/8.3.0/avr5\libgcc.a(_prologue.o)
 .data          0x0000000000800100        0x0 c:/users/andi/eclipse/cpp-2018-12/eclipse/avr-gcc-8.3.0-x64-mingw/bin/../lib/gcc/avr/8.3.0/avr5\libgcc.a(_epilogue.o)
 *(.data*)
 .data.debounce
                0x0000000000800100        0x1 ./main.o
                0x0000000000800100                debounce
 *(.gnu.linkonce.d*)
 *(.rodata)
 *(.rodata*)
 .rodata.USART_PutNum.str1.1
                0x0000000000800101        0x3 ./myUART/myUART.o
 .rodata.print_analogRaw.str1.1
                0x0000000000800104        0x6 ./main.o
 .rodata.main.str1.1
                0x000000000080010a       0x6f ./main.o
 *(.gnu.linkonce.r*)
                0x000000000080017a                . = ALIGN (0x2)
 *fill*         0x0000000000800179        0x1 
                0x000000000080017a                _edata = .
                0x000000000080017a                PROVIDE (__data_end = .)

.bss            0x000000000080017a       0x1c
                0x000000000080017a                PROVIDE (__bss_start = .)
 *(.bss)
 .bss           0x000000000080017a        0x0 c:/users/andi/eclipse/cpp-2018-12/eclipse/avr-gcc-8.3.0-x64-mingw/bin/../lib/gcc/avr/8.3.0/../../../../avr/lib/avr5/crtatmega328p.o
 .bss           0x000000000080017a        0x0 ./myUART/myUART.o
 .bss           0x000000000080017a        0x0 ./mySPI/mySPI.o
 .bss           0x000000000080017a        0x0 ./main.o
 .bss           0x000000000080017a        0x0 c:/users/andi/eclipse/cpp-2018-12/eclipse/avr-gcc-8.3.0-x64-mingw/bin/../lib/gcc/avr/8.3.0/avr5\libgcc.a(_exit.o)
 .bss           0x000000000080017a        0x0 c:/users/andi/eclipse/cpp-2018-12/eclipse/avr-gcc-8.3.0-x64-mingw/bin/../lib/gcc/avr/8.3.0/avr5\libgcc.a(_tablejump2.o)
 .bss           0x000000000080017a        0x0 c:/users/andi/eclipse/cpp-2018-12/eclipse/avr-gcc-8.3.0-x64-mingw/bin/../lib/gcc/avr/8.3.0/avr5\libgcc.a(_copy_data.o)
 .bss           0x000000000080017a        0x0 c:/users/andi/eclipse/cpp-2018-12/eclipse/avr-gcc-8.3.0-x64-mingw/bin/../lib/gcc/avr/8.3.0/avr5\libgcc.a(_clear_bss.o)
 .bss           0x000000000080017a        0x0 c:/users/andi/eclipse/cpp-2018-12/eclipse/avr-gcc-8.3.0-x64-mingw/bin/../lib/gcc/avr/8.3.0/../../../../avr/lib/avr5\libc.a(sprintf.o)
 .bss           0x000000000080017a        0x0 c:/users/andi/eclipse/cpp-2018-12/eclipse/avr-gcc-8.3.0-x64-mingw/bin/../lib/gcc/avr/8.3.0/../../../../avr/lib/avr5\libc.a(vfprintf_std.o)
 .bss           0x000000000080017a        0x0 c:/users/andi/eclipse/cpp-2018-12/eclipse/avr-gcc-8.3.0-x64-mingw/bin/../lib/gcc/avr/8.3.0/../../../../avr/lib/avr5\libc.a(strnlen_P.o)
 .bss           0x000000000080017a        0x0 c:/users/andi/eclipse/cpp-2018-12/eclipse/avr-gcc-8.3.0-x64-mingw/bin/../lib/gcc/avr/8.3.0/../../../../avr/lib/avr5\libc.a(strnlen.o)
 .bss           0x000000000080017a        0x0 c:/users/andi/eclipse/cpp-2018-12/eclipse/avr-gcc-8.3.0-x64-mingw/bin/../lib/gcc/avr/8.3.0/../../../../avr/lib/avr5\libc.a(fputc.o)
 .bss           0x000000000080017a        0x0 c:/users/andi/eclipse/cpp-2018-12/eclipse/avr-gcc-8.3.0-x64-mingw/bin/../lib/gcc/avr/8.3.0/../../../../avr/lib/avr5\libc.a(ultoa_invert.o)
 .bss           0x000000000080017a        0x0 c:/users/andi/eclipse/cpp-2018-12/eclipse/avr-gcc-8.3.0-x64-mingw/bin/../lib/gcc/avr/8.3.0/avr5\libgcc.a(_prologue.o)
 .bss           0x000000000080017a        0x0 c:/users/andi/eclipse/cpp-2018-12/eclipse/avr-gcc-8.3.0-x64-mingw/bin/../lib/gcc/avr/8.3.0/avr5\libgcc.a(_epilogue.o)
 *(.bss*)
 .bss.tFull2    0x000000000080017a        0x2 ./main.o
                0x000000000080017a                tFull2
 .bss.tFull1    0x000000000080017c        0x2 ./main.o
                0x000000000080017c                tFull1
 .bss.tFull0    0x000000000080017e        0x2 ./main.o
                0x000000000080017e                tFull0
 .bss.tLow2     0x0000000000800180        0x1 ./main.o
                0x0000000000800180                tLow2
 .bss.tHigh2    0x0000000000800181        0x1 ./main.o
                0x0000000000800181                tHigh2
 .bss.tLow1     0x0000000000800182        0x1 ./main.o
                0x0000000000800182                tLow1
 .bss.tHigh1    0x0000000000800183        0x1 ./main.o
                0x0000000000800183                tHigh1
 .bss.tLow0     0x0000000000800184        0x1 ./main.o
                0x0000000000800184                tLow0
 .bss.tHigh0    0x0000000000800185        0x1 ./main.o
                0x0000000000800185                tHigh0
 .bss.sFull2    0x0000000000800186        0x2 ./main.o
                0x0000000000800186                sFull2
 .bss.sFull1    0x0000000000800188        0x2 ./main.o
                0x0000000000800188                sFull1
 .bss.sFull0    0x000000000080018a        0x2 ./main.o
                0x000000000080018a                sFull0
 .bss.sLow2     0x000000000080018c        0x1 ./main.o
                0x000000000080018c                sLow2
 .bss.sHigh2    0x000000000080018d        0x1 ./main.o
                0x000000000080018d                sHigh2
 .bss.sLow1     0x000000000080018e        0x1 ./main.o
                0x000000000080018e                sLow1
 .bss.sHigh1    0x000000000080018f        0x1 ./main.o
                0x000000000080018f                sHigh1
 .bss.sLow0     0x0000000000800190        0x1 ./main.o
                0x0000000000800190                sLow0
 .bss.sHigh0    0x0000000000800191        0x1 ./main.o
                0x0000000000800191                sHigh0
 *(COMMON)
 COMMON         0x0000000000800192        0x4 ./main.o
                0x0000000000800192                autoCal
                0x0000000000800193                myState
                0x0000000000800194                allCal
                0x0000000000800195                digital
                0x0000000000800196                PROVIDE (__bss_end = .)
                0x0000000000000bfc                __data_load_start = LOADADDR (.data)
                0x0000000000000c76                __data_load_end = (__data_load_start + SIZEOF (.data))

.noinit         0x0000000000800196        0x0
                [!provide]                        PROVIDE (__noinit_start = .)
 *(.noinit*)
                [!provide]                        PROVIDE (__noinit_end = .)
                0x0000000000800196                _end = .
                [!provide]                        PROVIDE (__heap_start = .)

.eeprom         0x0000000000810000        0x0
 *(.eeprom*)
                0x0000000000810000                __eeprom_end = .

.fuse
 *(.fuse)
 *(.lfuse)
 *(.hfuse)
 *(.efuse)

.lock
 *(.lock*)

.signature
 *(.signature*)

.stab
 *(.stab)

.stabstr
 *(.stabstr)

.stab.excl
 *(.stab.excl)

.stab.exclstr
 *(.stab.exclstr)

.stab.index
 *(.stab.index)

.stab.indexstr
 *(.stab.indexstr)

.comment        0x0000000000000000       0x11
 *(.comment)
 .comment       0x0000000000000000       0x11 ./myUART/myUART.o
                                         0x12 (size before relaxing)
 .comment       0x0000000000000011       0x12 ./mySPI/mySPI.o
 .comment       0x0000000000000011       0x12 ./main.o
 .comment       0x0000000000000011       0x12 c:/users/andi/eclipse/cpp-2018-12/eclipse/avr-gcc-8.3.0-x64-mingw/bin/../lib/gcc/avr/8.3.0/../../../../avr/lib/avr5\libc.a(sprintf.o)
 .comment       0x0000000000000011       0x12 c:/users/andi/eclipse/cpp-2018-12/eclipse/avr-gcc-8.3.0-x64-mingw/bin/../lib/gcc/avr/8.3.0/../../../../avr/lib/avr5\libc.a(vfprintf_std.o)
 .comment       0x0000000000000011       0x12 c:/users/andi/eclipse/cpp-2018-12/eclipse/avr-gcc-8.3.0-x64-mingw/bin/../lib/gcc/avr/8.3.0/../../../../avr/lib/avr5\libc.a(fputc.o)

.note.gnu.avr.deviceinfo
                0x0000000000000000       0x40
 .note.gnu.avr.deviceinfo
                0x0000000000000000       0x40 c:/users/andi/eclipse/cpp-2018-12/eclipse/avr-gcc-8.3.0-x64-mingw/bin/../lib/gcc/avr/8.3.0/../../../../avr/lib/avr5/crtatmega328p.o

.note.gnu.build-id
 *(.note.gnu.build-id)

.debug
 *(.debug)

.line
 *(.line)

.debug_srcinfo
 *(.debug_srcinfo)

.debug_sfnames
 *(.debug_sfnames)

.debug_aranges  0x0000000000000000       0xc0
 *(.debug_aranges)
 .debug_aranges
                0x0000000000000000       0x20 c:/users/andi/eclipse/cpp-2018-12/eclipse/avr-gcc-8.3.0-x64-mingw/bin/../lib/gcc/avr/8.3.0/avr5\libgcc.a(_exit.o)
 .debug_aranges
                0x0000000000000020       0x20 c:/users/andi/eclipse/cpp-2018-12/eclipse/avr-gcc-8.3.0-x64-mingw/bin/../lib/gcc/avr/8.3.0/avr5\libgcc.a(_tablejump2.o)
 .debug_aranges
                0x0000000000000040       0x20 c:/users/andi/eclipse/cpp-2018-12/eclipse/avr-gcc-8.3.0-x64-mingw/bin/../lib/gcc/avr/8.3.0/avr5\libgcc.a(_copy_data.o)
 .debug_aranges
                0x0000000000000060       0x20 c:/users/andi/eclipse/cpp-2018-12/eclipse/avr-gcc-8.3.0-x64-mingw/bin/../lib/gcc/avr/8.3.0/avr5\libgcc.a(_clear_bss.o)
 .debug_aranges
                0x0000000000000080       0x20 c:/users/andi/eclipse/cpp-2018-12/eclipse/avr-gcc-8.3.0-x64-mingw/bin/../lib/gcc/avr/8.3.0/avr5\libgcc.a(_prologue.o)
 .debug_aranges
                0x00000000000000a0       0x20 c:/users/andi/eclipse/cpp-2018-12/eclipse/avr-gcc-8.3.0-x64-mingw/bin/../lib/gcc/avr/8.3.0/avr5\libgcc.a(_epilogue.o)

.debug_pubnames
 *(.debug_pubnames)

.debug_info     0x0000000000000000      0x6d8
 *(.debug_info .gnu.linkonce.wi.*)
 .debug_info    0x0000000000000000      0x5f4 c:/users/andi/eclipse/cpp-2018-12/eclipse/avr-gcc-8.3.0-x64-mingw/bin/../lib/gcc/avr/8.3.0/../../../../avr/lib/avr5/crtatmega328p.o
 .debug_info    0x00000000000005f4       0x26 c:/users/andi/eclipse/cpp-2018-12/eclipse/avr-gcc-8.3.0-x64-mingw/bin/../lib/gcc/avr/8.3.0/avr5\libgcc.a(_exit.o)
 .debug_info    0x000000000000061a       0x26 c:/users/andi/eclipse/cpp-2018-12/eclipse/avr-gcc-8.3.0-x64-mingw/bin/../lib/gcc/avr/8.3.0/avr5\libgcc.a(_tablejump2.o)
 .debug_info    0x0000000000000640       0x26 c:/users/andi/eclipse/cpp-2018-12/eclipse/avr-gcc-8.3.0-x64-mingw/bin/../lib/gcc/avr/8.3.0/avr5\libgcc.a(_copy_data.o)
 .debug_info    0x0000000000000666       0x26 c:/users/andi/eclipse/cpp-2018-12/eclipse/avr-gcc-8.3.0-x64-mingw/bin/../lib/gcc/avr/8.3.0/avr5\libgcc.a(_clear_bss.o)
 .debug_info    0x000000000000068c       0x26 c:/users/andi/eclipse/cpp-2018-12/eclipse/avr-gcc-8.3.0-x64-mingw/bin/../lib/gcc/avr/8.3.0/avr5\libgcc.a(_prologue.o)
 .debug_info    0x00000000000006b2       0x26 c:/users/andi/eclipse/cpp-2018-12/eclipse/avr-gcc-8.3.0-x64-mingw/bin/../lib/gcc/avr/8.3.0/avr5\libgcc.a(_epilogue.o)

.debug_abbrev   0x0000000000000000      0x61a
 *(.debug_abbrev)
 .debug_abbrev  0x0000000000000000      0x5a2 c:/users/andi/eclipse/cpp-2018-12/eclipse/avr-gcc-8.3.0-x64-mingw/bin/../lib/gcc/avr/8.3.0/../../../../avr/lib/avr5/crtatmega328p.o
 .debug_abbrev  0x00000000000005a2       0x14 c:/users/andi/eclipse/cpp-2018-12/eclipse/avr-gcc-8.3.0-x64-mingw/bin/../lib/gcc/avr/8.3.0/avr5\libgcc.a(_exit.o)
 .debug_abbrev  0x00000000000005b6       0x14 c:/users/andi/eclipse/cpp-2018-12/eclipse/avr-gcc-8.3.0-x64-mingw/bin/../lib/gcc/avr/8.3.0/avr5\libgcc.a(_tablejump2.o)
 .debug_abbrev  0x00000000000005ca       0x14 c:/users/andi/eclipse/cpp-2018-12/eclipse/avr-gcc-8.3.0-x64-mingw/bin/../lib/gcc/avr/8.3.0/avr5\libgcc.a(_copy_data.o)
 .debug_abbrev  0x00000000000005de       0x14 c:/users/andi/eclipse/cpp-2018-12/eclipse/avr-gcc-8.3.0-x64-mingw/bin/../lib/gcc/avr/8.3.0/avr5\libgcc.a(_clear_bss.o)
 .debug_abbrev  0x00000000000005f2       0x14 c:/users/andi/eclipse/cpp-2018-12/eclipse/avr-gcc-8.3.0-x64-mingw/bin/../lib/gcc/avr/8.3.0/avr5\libgcc.a(_prologue.o)
 .debug_abbrev  0x0000000000000606       0x14 c:/users/andi/eclipse/cpp-2018-12/eclipse/avr-gcc-8.3.0-x64-mingw/bin/../lib/gcc/avr/8.3.0/avr5\libgcc.a(_epilogue.o)

.debug_line     0x0000000000000000      0x407
 *(.debug_line .debug_line.* .debug_line_end)
 .debug_line    0x0000000000000000       0x1d c:/users/andi/eclipse/cpp-2018-12/eclipse/avr-gcc-8.3.0-x64-mingw/bin/../lib/gcc/avr/8.3.0/../../../../avr/lib/avr5/crtatmega328p.o
 .debug_line    0x000000000000001d       0x61 c:/users/andi/eclipse/cpp-2018-12/eclipse/avr-gcc-8.3.0-x64-mingw/bin/../lib/gcc/avr/8.3.0/avr5\libgcc.a(_exit.o)
 .debug_line    0x000000000000007e       0x79 c:/users/andi/eclipse/cpp-2018-12/eclipse/avr-gcc-8.3.0-x64-mingw/bin/../lib/gcc/avr/8.3.0/avr5\libgcc.a(_tablejump2.o)
 .debug_line    0x00000000000000f7       0x97 c:/users/andi/eclipse/cpp-2018-12/eclipse/avr-gcc-8.3.0-x64-mingw/bin/../lib/gcc/avr/8.3.0/avr5\libgcc.a(_copy_data.o)
 .debug_line    0x000000000000018e       0x85 c:/users/andi/eclipse/cpp-2018-12/eclipse/avr-gcc-8.3.0-x64-mingw/bin/../lib/gcc/avr/8.3.0/avr5\libgcc.a(_clear_bss.o)
 .debug_line    0x0000000000000213       0xfd c:/users/andi/eclipse/cpp-2018-12/eclipse/avr-gcc-8.3.0-x64-mingw/bin/../lib/gcc/avr/8.3.0/avr5\libgcc.a(_prologue.o)
 .debug_line    0x0000000000000310       0xf7 c:/users/andi/eclipse/cpp-2018-12/eclipse/avr-gcc-8.3.0-x64-mingw/bin/../lib/gcc/avr/8.3.0/avr5\libgcc.a(_epilogue.o)

.debug_frame
 *(.debug_frame)

.debug_str      0x0000000000000000      0x266
 *(.debug_str)
 .debug_str     0x0000000000000000      0x208 c:/users/andi/eclipse/cpp-2018-12/eclipse/avr-gcc-8.3.0-x64-mingw/bin/../lib/gcc/avr/8.3.0/../../../../avr/lib/avr5/crtatmega328p.o
 .debug_str     0x0000000000000208       0x5e c:/users/andi/eclipse/cpp-2018-12/eclipse/avr-gcc-8.3.0-x64-mingw/bin/../lib/gcc/avr/8.3.0/avr5\libgcc.a(_exit.o)
 .debug_str     0x0000000000000266       0x5e c:/users/andi/eclipse/cpp-2018-12/eclipse/avr-gcc-8.3.0-x64-mingw/bin/../lib/gcc/avr/8.3.0/avr5\libgcc.a(_tablejump2.o)
 .debug_str     0x0000000000000266       0x5e c:/users/andi/eclipse/cpp-2018-12/eclipse/avr-gcc-8.3.0-x64-mingw/bin/../lib/gcc/avr/8.3.0/avr5\libgcc.a(_copy_data.o)
 .debug_str     0x0000000000000266       0x5e c:/users/andi/eclipse/cpp-2018-12/eclipse/avr-gcc-8.3.0-x64-mingw/bin/../lib/gcc/avr/8.3.0/avr5\libgcc.a(_clear_bss.o)
 .debug_str     0x0000000000000266       0x5e c:/users/andi/eclipse/cpp-2018-12/eclipse/avr-gcc-8.3.0-x64-mingw/bin/../lib/gcc/avr/8.3.0/avr5\libgcc.a(_prologue.o)
 .debug_str     0x0000000000000266       0x5e c:/users/andi/eclipse/cpp-2018-12/eclipse/avr-gcc-8.3.0-x64-mingw/bin/../lib/gcc/avr/8.3.0/avr5\libgcc.a(_epilogue.o)

.debug_loc
 *(.debug_loc)

.debug_macinfo
 *(.debug_macinfo)

.debug_weaknames
 *(.debug_weaknames)

.debug_funcnames
 *(.debug_funcnames)

.debug_typenames
 *(.debug_typenames)

.debug_varnames
 *(.debug_varnames)

.debug_pubtypes
 *(.debug_pubtypes)

.debug_ranges
 *(.debug_ranges)

.debug_macro
 *(.debug_macro)

.debug_addr
 *(.debug_addr)
OUTPUT(SPI_Master_Sensor_UNO.elf elf32-avr)
LOAD linker stubs
